# serializer version: 1
# name: test_discovery
  "TSmartDiscovery.discover(self) -> 'list[DiscoveredDevice]'"
# ---
